[
  {
    "address": "644 Gershwin Cir",
    "personInfo": []
  },
  {
    "address": "947 E. Rose Dr",
    "personInfo": [
      {
        "infoNameAndMedicationsAndAllergies": [
          "Brian",
          "Stelzer",
          "Médicaments: ibupurin:200mg, hydrapermazol:400mg",
          "Allergies: nillacilan"
        ],
        "numberPhone": "841-874-7784",
        "age": 49
      },
      {
        "infoNameAndMedicationsAndAllergies": [
          "Shawna",
          "Stelzer",
          "Médicaments: ",
          "Allergies: "
        ],
        "numberPhone": "841-874-7784",
        "age": 44
      },
      {
        "infoNameAndMedicationsAndAllergies": [
          "Kendrik",
          "Stelzer",
          "Médicaments: noxidian:100mg, pharmacol:2500mg",
          "Allergies: "
        ],
        "numberPhone": "841-874-7784",
        "age": 11
      }
    ]
  },
  {
    "address": "1509 Culver St",
    "personInfo": [
      {
        "infoNameAndMedicationsAndAllergies": [
          "John",
          "Boyd",
          "Médicaments: aznol:350mg, hydrapermazol:100mg",
          "Allergies: nillacilan"
        ],
        "numberPhone": "841-874-6512",
        "age": 41
      },
      {
        "infoNameAndMedicationsAndAllergies": [
          "Jacob",
          "Boyd",
          "Médicaments: pharmacol:5000mg, terazine:10mg, noznazol:250mg",
          "Allergies: "
        ],
        "numberPhone": "841-874-6513",
        "age": 36
      },
      {
        "infoNameAndMedicationsAndAllergies": [
          "Tenley",
          "Boyd",
          "Médicaments: ",
          "Allergies: peanut"
        ],
        "numberPhone": "841-874-6512",
        "age": 13
      },
      {
        "infoNameAndMedicationsAndAllergies": [
          "Roger",
          "Boyd",
          "Médicaments: ",
          "Allergies: "
        ],
        "numberPhone": "841-874-6512",
        "age": 7
      },
      {
        "infoNameAndMedicationsAndAllergies": [
          "Felicia",
          "Boyd",
          "Médicaments: tetracyclaz:650mg",
          "Allergies: xilliathal"
        ],
        "numberPhone": "841-874-6544",
        "age": 39
      }
    ]
  },
  {
    "address": "834 Binoc Ave",
    "personInfo": []
  }
]
