{
  "persons": [
    {
      "persons": {
        "firstName": "John",
        "lastName": "Boyd",
        "address": "1509 Culver St 97451 Culver",
        "phone": "841-874-6512"
      },
      "medications": [
        "aznol:350mg",
        "hydrapermazol:100mg"
      ],
      "allergies": [
        "nillacilan"
      ]
    },
    {
      "persons": {
        "firstName": "Jacob",
        "lastName": "Boyd",
        "address": "1509 Culver St 97451 Culver",
        "phone": "841-874-6513"
      },
      "medications": [
        "pharmacol:5000mg",
        "terazine:10mg",
        "noznazol:250mg"
      ],
      "allergies": []
    },
    {
      "persons": {
        "firstName": "Tenley",
        "lastName": "Boyd",
        "address": "1509 Culver St 97451 Culver",
        "phone": "841-874-6512"
      },
      "medications": [],
      "allergies": [
        "peanut"
      ]
    },
    {
      "persons": {
        "firstName": "Roger",
        "lastName": "Boyd",
        "address": "1509 Culver St 97451 Culver",
        "phone": "841-874-6512"
      },
      "medications": [],
      "allergies": []
    },
    {
      "persons": {
        "firstName": "Felicia",
        "lastName": "Boyd",
        "address": "1509 Culver St 97451 Culver",
        "phone": "841-874-6544"
      },
      "medications": [
        "tetracyclaz:650mg"
      ],
      "allergies": [
        "xilliathal"
      ]
    }
  ],
  "stationNumber": 3
}